[Bootstrap]
SetupTitle=安装
SetupText=正在复制文件，请等待。
CabFile=STC-IS1.CAB
Spawn=Setup1.exe
Uninstal=st6unst.exe
TmpDir=msftqws.pdw
Cabs=3

[Bootstrap Files]
File1=@VB6STKIT.DLL,$(WinSysPathSysFile),,,1/16/01 12:00:00 AM,101888,6.0.84.50
File2=@COMCAT.DLL,$(WinSysPathSysFile),$(DLLSelfRegister),,5/31/98 12:00:00 AM,22288,4.71.1460.1
File3=@MSVCRT40.DLL,$(WinSysPathSysFile),,,6/1/99 12:00:00 AM,326656,4.22.0.0
File4=@VB6CHS.DLL,$(WinSysPath),,$(Shared),10/2/00 12:00:00 AM,102160,6.0.89.88
File5=@STDOLE2.TLB,$(WinSysPathSysFile),$(TLBRegister),,6/3/99 12:00:00 AM,17920,2.40.4275.1
File6=@ASYCFILT.DLL,$(WinSysPathSysFile),,,3/8/99 12:00:00 AM,147728,2.40.4275.1
File7=@OLEPRO32.DLL,$(WinSysPathSysFile),$(DLLSelfRegister),,3/8/99 12:00:00 AM,164112,5.0.4275.1
File8=@OLEAUT32.DLL,$(WinSysPathSysFile),$(DLLSelfRegister),,4/12/00 12:00:00 AM,598288,2.40.4275.1
File9=@msvbvm60.dll,$(WinSysPathSysFile),$(DLLSelfRegister),,6/19/03 11:05:04 AM,1385744,6.0.96.90

[IconGroups]
Group0=STC_ISP_V3.1
PrivateGroup0=-1
Parent0=$(Programs)

[STC_ISP_V3.1]
Icon1=""STC-ISP V31.exe""
Title1=STC_ISP_V3.1
StartIn1=$(AppPath)

[Setup]
Title=STC_ISP_V3.1
DefaultDir=$(ProgramFiles)\STC_ISP_V3.1
AppExe=STC-ISP V31.exe
AppToUninstall=STC-ISP V31.exe

[Setup1 Files]
File1=@STC2000.rom,$(AppPath),,,3/2/04 10:45:24 AM,384,0.0.0.0
File2=@STC516_2003.rom,$(AppPath),,,3/2/04 10:55:24 AM,4096,0.0.0.0
File3=@STC58_2003.rom,$(AppPath),,,3/2/04 10:46:44 AM,4096,0.0.0.0
File4=@nul-ffh.bin,$(AppPath),,,9/2/05 2:44:34 PM,65536,0.0.0.0
File5=@twoball-512.bin,$(AppPath),,,9/3/05 4:42:44 PM,512,0.0.0.0
File6=@TWOBALL.HEX,$(AppPath),,,1/19/00 1:16:44 PM,198,0.0.0.0
File7=@TWOBALL-62k.bin,$(AppPath),,,3/6/04 9:37:32 AM,63488,0.0.0.0
File8=@TWOBALL-32k.bin,$(AppPath),,,2/16/04 8:13:02 AM,32768,0.0.0.0
File9=@TWOBALL-16k.bin,$(AppPath),,,2/16/04 8:13:22 AM,16384,0.0.0.0
File10=@TWOBALL-8k.bin,$(AppPath),,,2/16/04 8:13:36 AM,8192,0.0.0.0
File11=@twoball-7k.bin,$(AppPath),,,9/3/05 4:54:14 PM,7168,0.0.0.0
File12=@twoball-6k.bin,$(AppPath),,,9/3/05 4:53:08 PM,6144,0.0.0.0
File13=@TWOBALL-64k.bin,$(AppPath),,,2/16/04 8:07:22 AM,65536,0.0.0.0
File14=@twoball-4k.bin,$(AppPath),,,9/3/05 4:47:12 PM,4096,0.0.0.0
File15=@twoball-3k.bin,$(AppPath),,,9/3/05 4:55:00 PM,3072,0.0.0.0
File16=@twoball-2k.bin,$(AppPath),,,9/3/05 4:41:22 PM,2048,0.0.0.0
File17=@twoball-1k.bin,$(AppPath),,,9/3/05 4:46:06 PM,1024,0.0.0.0
File18=@twoball-5k.bin,$(AppPath),,,9/3/05 4:52:04 PM,5120,0.0.0.0
File19=@PENDB-64k.bin,$(AppPath),,,2/16/04 8:06:34 AM,65536,0.0.0.0
File20=@PENDB-62k.bin,$(AppPath),,,3/6/04 9:40:38 AM,63488,0.0.0.0
File21=@PENDB-32k.bin,$(AppPath),,,2/16/04 8:11:42 AM,32768,0.0.0.0
File22=@PENDB-16k.bin,$(AppPath),,,2/16/04 8:12:04 AM,16384,0.0.0.0
File23=@PENDB-8k.bin,$(AppPath),,,2/16/04 8:18:36 AM,8192,0.0.0.0
File24=@PENDB.HEX,$(AppPath),,,1/19/00 6:35:42 PM,368,0.0.0.0
File25=@BINCTR-64k.bin,$(AppPath),,,2/16/04 8:05:28 AM,65536,0.0.0.0
File26=@BINCTR-62k.bin,$(AppPath),,,3/6/04 9:41:14 AM,63488,0.0.0.0
File27=@BINCTR-32k.bin,$(AppPath),,,2/16/04 8:09:10 AM,32768,0.0.0.0
File28=@BINCTR-16k.bin,$(AppPath),,,2/16/04 8:09:36 AM,16384,0.0.0.0
File29=@BINCTR-8k.bin,$(AppPath),,,2/16/04 8:09:58 AM,8192,0.0.0.0
File30=@BINCTR.HEX,$(AppPath),,,1/18/00 11:35:50 AM,143,0.0.0.0
File31=@DATGDCHS.DLL,$(WinSysPath),,$(Shared),7/7/98 12:00:00 AM,25088,6.0.81.63
File32=@STDFTCHS.DLL,$(WinSysPath),,$(Shared),7/7/98 12:00:00 AM,6144,6.0.81.63
File33=@MSSTDFMT.DLL,$(WinSysPath),$(DLLSelfRegister),$(Shared),7/15/00 12:00:00 AM,118784,6.0.88.4
File34=@MSDATGRD.OCX,$(WinSysPath),$(DLLSelfRegister),$(Shared),12/6/00 12:00:00 AM,262328,6.0.89.88
File35=@VB5DB.DLL,$(WinSysPath),,$(Shared),6/18/98 12:00:00 AM,89360,6.0.81.69
File36=@MSREPL35.DLL,$(WinSysPathSysFile),,,6/13/00 12:00:00 AM,415504,3.51.2404.0
File37=@MSRD2X35.DLL,$(WinSysPathSysFile),$(DLLSelfRegister),,4/24/98 12:00:00 AM,252176,3.51.623.0
File38=@expsrv.dll,$(WinSysPathSysFile),,,9/5/01 12:00:00 PM,379152,6.0.0.8540
File39=@vbajet32.dll,$(WinSysPathSysFile),,,9/5/01 12:00:00 PM,30992,6.0.1.8268
File40=@MSJINT35.DLL,$(WinSysPathSysFile),,,6/16/98 12:00:00 AM,123664,3.51.623.0
File41=@MSJTER35.DLL,$(WinSysPathSysFile),,,4/24/98 12:00:00 AM,24848,3.51.623.0
File42=@MSJET35.DLL,$(WinSysPathSysFile),$(DLLSelfRegister),,6/13/00 12:00:00 AM,1046288,3.51.2723.0
File43=@MSCOMCHS.DLL,$(WinSysPath),,$(Shared),7/7/98 12:00:00 AM,12800,6.0.81.63
File44=@MSCOMM32.OCX,$(WinSysPath),$(DLLSelfRegister),$(Shared),6/24/98 12:00:00 AM,103744,6.0.81.69
File45=@MSCMCCHS.DLL,$(WinSysPath),,$(Shared),7/7/98 12:00:00 AM,124416,6.0.81.63
File46=@mscomctl.ocx,$(WinSysPath),$(DLLSelfRegister),$(Shared),10/10/00 6:01:06 PM,1122816,6.0.88.77
File47=@CMDLGCHS.DLL,$(WinSysPath),,$(Shared),7/7/98 12:00:00 AM,28160,6.0.81.63
File48=@COMDLG32.OCX,$(WinSysPath),$(DLLSelfRegister),$(Shared),5/22/00 12:00:00 AM,140488,6.0.84.18
File49=@STC-ISP V31.exe,$(AppPath),,,12/6/05 9:54:50 PM,843776,1.0.0.0

; 要在满的安装盘上定制该文件，需要额外的空间，下列行可能被删除。
; 
; XXXXXXXXXXXXXXXXXXXXXXXXXXXXXXXXXXXXXXXXXXXXXXXXXXXXXXXXXXXX
; XXXXXXXXXXXXXXXXXXXXXXXXXXXXXXXXXXXXXXXXXXXXXXXXXXXXXXXXXXXX
; XXXXXXXXXXXXXXXXXXXXXXXXXXXXXXXXXXXXXXXXXXXXXXXXXXXXXXXXXXXX
; XXXXXXXXXXXXXXXXXXXXXXXXXXXXXXXXXXXXXXXXXXXXXXXXXXXXXXXXXXXX
; XXXXXXXXXXXXXXXXXXXXXXXXXXXXXXXXXXXXXXXXXXXXXXXXXXXXXXXXXXXX
; XXXXXXXXXXXXXXXXXXXXXXXXXXXXXXXXXXXXXXXXXXXXXXXXXXXXXXXXXXXX
; XXXXXXXXXXXXXXXXXXXXXXXXXXXXXXXXXXXXXXXXXXXXXXXXXXXXXXXXXXXX
; XXXXXXXXXXXXXXXXXXXXXXXXXXXXXXXXXXXXXXXXXXXXXXXXXXXXXXXXXXXX
; XXXXXXXXXXXXXXXXXXXXXXXXXXXXXXXXXXXXXXXXXXXXXXXXXXXXXXXXXXXX
; XXXXXXXXXXXXXXXXXXXXXXXXXXXXXXXXXXXXXXXXXXXXXXXXXXXXXXXXXXXX
; XXXXXXXXXXXXXXXXXXXXXXXXXXXXXXXXXXXXXXXXXXXXXXXXXXXXXXXXXXXX
; XXXXXXXXXXXXXXXXXXXXXXXXXXXXXXXXXXXXXXXXXXXXXXXXXXXXXXXXXXXX
; XXXXXXXXXXXXXXXXXXXXXXXXXXXXXXXXXXXXXXXXXXXXXXXXXXXXXXXXXXXX
; XXXXXXXXXXXXXXXXXXXXXXXXXXXXXXXXXXXXXXXXXXXXXXXXXXXXXXXXXXXX
; XXXXXXXXXXXXXXXXXXXXXXXXXXXXXXXXXXXXXXXXXXXXXXXXXXXXXXXXXXXX
; XXXXXXXXXXXXXXXXXXXXXXXXXXXXXXXXXXXXXXXXXXXXXXXXXXXXXXXXXXXX
; XXXXXXXXXXXXXXXXXXXXXXXXXXXXXXXXXXXXXXXXXXXXXXXXXXXXXXXXXXXX
; XXXXXXXXXXXXXXXXXXXXXXXXXXXXXXXXXXXXXXXXXXXXXXXXXXXXXXXXXXXX
; XXXXXXXXXXXXXXXXXXXXXXXXXXXXXXXXXXXXXXXXXXXXXXXXXXXXXXXXXXXX
; XXXXXXXXXXXXXXXXXXXXXXXXXXXXXXXXXXXXXXXXXXXXXXXXXXXXXXXXXXXX
; XXXXXXXXXXXXXXXXXXXXXXXXXXXXXXXXXXXXXXXXXXXXXXXXXXXXXXXXXXXX
; XXXXXXXXXXXXXXXXXXXXXXXXXXXXXXXXXXXXXXXXXXXXXXXXXXXXXXXXXXXX
; XXXXXXXXXXXXXXXXXXXXXXXXXXXXXXXXXXXXXXXXXXXXXXXXXXXXXXXXXXXX
; XXXXXXXXXXXXXXXXXXXXXXXXXXXXXXXXXXXXXXXXXXXXXXXXXXXXXXXXXXXX
; XXXXXXXXXXXXXXXXXXXXXXXXXXXXXXXXXXXXXXXXXXXXXXXXXXXXXXXXXXXX
; XXXXXXXXXXXXXXXXXXXXXXXXXXXXXXXXXXXXXXXXXXXXXXXXXXXXXXXXXXXX
; XXXXXXXXXXXXXXXXXXXXXXXXXXXXXXXXXXXXXXXXXXXXXXXXXXXXXXXXXXXX
; XXXXXXXXXXXXXXXXXXXXXXXXXXXXXXXXXXXXXXXXXXXXXXXXXXXXXXXXXXXX
; XXXXXXXXXXXXXXXXXXXXXXXXXXXXXXXXXXXXXXXXXXXXXXXXXXXXXXXXXXXX
; XXXXXXXXXXXXXXXXXXXXXXXXXXXXXXXXXXXXXXXXXXXXXXXXXXXXXXXXXXXX
; XXXXXXXXXXXXXXXXXXXXXXXXXXXXXXXXXXXXXXXXXXXXXXXXXXXXXXXXXXXX
; XXXXXXXXXXXXXXXXXXXXXXXXXXXXXXXXXXXXXXXXXXXXXXXXXXXXXXXXXXXX
; XXXXXXXXXXXXXXXXXXXXXXXXXXXXXXXXXXXXXXXXXXXXXXXXXXXXXXXXXXXX
; XXXXXXXXXXXXXXXXXXXXXXXXXXXXXXXXXXXXXXXXXXXXXXXXXXXXXXXXXXXX
; XXXXXXXXXXXXXXXXXXXXXXXXXXXXXXXXXXXXXXXXXXXXXXXXXXXXXXXXXXXX
